Release 14.2 - xst P.28xd (lin)
Copyright (c) 1995-2012 Xilinx, Inc.  All rights reserved.
--> 
Parameter TMPDIR set to /tmp/


Total REAL time to Xst completion: 0.00 secs
Total CPU time to Xst completion: 0.06 secs
 
--> 
Parameter xsthdpdir set to xst


Total REAL time to Xst completion: 0.00 secs
Total CPU time to Xst completion: 0.06 secs
 
--> 
WARNING:Xst:1583 - You are using an internal switch '-use_new_parser'.
Reading design: cam.prj

TABLE OF CONTENTS
  1) Synthesis Options Summary
  2) HDL Parsing
  3) HDL Elaboration
  4) HDL Synthesis
       4.1) HDL Synthesis Report
  5) Advanced HDL Synthesis
       5.1) Advanced HDL Synthesis Report
  6) Low Level Synthesis
  7) Partition Report
  8) Design Summary
       8.1) Primitive and Black Box Usage
       8.2) Device utilization summary
       8.3) Partition Resource Summary
       8.4) Timing Report
            8.4.1) Clock Information
            8.4.2) Asynchronous Control Signals Information
            8.4.3) Timing Summary
            8.4.4) Timing Details
            8.4.5) Cross Clock Domains Report


=========================================================================
*                      Synthesis Options Summary                        *
=========================================================================
---- Source Parameters
Input File Name                    : "cam.prj"
Ignore Synthesis Constraint File   : NO

---- Target Parameters
Output File Name                   : "cam"
Output Format                      : NGC
Target Device                      : xc6slx45-3-csg324

---- Source Options
Top Module Name                    : top
Automatic FSM Extraction           : YES
FSM Encoding Algorithm             : Auto
Safe Implementation                : No
FSM Style                          : LUT
RAM Extraction                     : Yes
RAM Style                          : Auto
ROM Extraction                     : Yes
Shift Register Extraction          : YES
ROM Style                          : Auto
Resource Sharing                   : YES
Asynchronous To Synchronous        : NO
Shift Register Minimum Size        : 2
Use DSP Block                      : Auto
Automatic Register Balancing       : No
Use New Parser                     : yes

---- Target Options
LUT Combining                      : Auto
Reduce Control Sets                : Auto
Add IO Buffers                     : YES
Global Maximum Fanout              : 100000
Add Generic Clock Buffer(BUFG)     : 16
Register Duplication               : YES
Optimize Instantiated Primitives   : NO
Use Clock Enable                   : Auto
Use Synchronous Set                : Auto
Use Synchronous Reset              : Auto
Pack IO Registers into IOBs        : Auto
Equivalent register Removal        : YES

---- General Options
Optimization Goal                  : Speed
Optimization Effort                : 1
Power Reduction                    : NO
Keep Hierarchy                     : No
Netlist Hierarchy                  : As_Optimized
RTL Output                         : Yes
Global Optimization                : AllClockNets
Read Cores                         : YES
Write Timing Constraints           : NO
Cross Clock Analysis               : NO
Hierarchy Separator                : /
Bus Delimiter                      : <>
Case Specifier                     : Maintain
Slice Utilization Ratio            : 100
BRAM Utilization Ratio             : 100
DSP48 Utilization Ratio            : 100
Auto BRAM Packing                  : NO
Slice Utilization Ratio Delta      : 5

---- Other Options
Cores Search Directories           : {"ipcore_dir"  }

=========================================================================


=========================================================================
*                          HDL Parsing                                  *
=========================================================================
Parsing VHDL file "/home/julian/stereovision/ipcore_dir/dcm_fixed.vhd" into library work
Parsing entity <dcm_fixed>.
Parsing architecture <xilinx> of entity <dcm_fixed>.
Parsing VHDL file "/home/julian/stereovision/ipcore_dir/dcm_recfg.vhd" into library work
Parsing entity <dcm_recfg>.
Parsing architecture <xilinx> of entity <dcm_recfg>.
Parsing VHDL file "/home/julian/stereovision/ipcore_dir/pixel_fifo.vhd" into library work
Parsing entity <pixel_fifo>.
Parsing architecture <pixel_fifo_a> of entity <pixel_fifo>.
Parsing VHDL file "/home/julian/stereovision/ipcore_dir/mcb_pixel_fifo.vhd" into library work
Parsing entity <mcb_pixel_fifo>.
Parsing architecture <mcb_pixel_fifo_a> of entity <mcb_pixel_fifo>.
Parsing VHDL file "/home/julian/stereovision/ipcore_dir/mcb_aux_fifo.vhd" into library work
Parsing entity <mcb_aux_fifo>.
Parsing architecture <mcb_aux_fifo_a> of entity <mcb_aux_fifo>.
Parsing VHDL file "/home/julian/stereovision/ipcore_dir/cam_fifo.vhd" into library work
Parsing entity <cam_fifo>.
Parsing architecture <cam_fifo_a> of entity <cam_fifo>.
Parsing VHDL file "/home/julian/stereovision/iodrp_mcb_controller.vhd" into library work
Parsing entity <iodrp_mcb_controller>.
Parsing architecture <trans> of entity <iodrp_mcb_controller>.
Parsing VHDL file "/home/julian/stereovision/iodrp_controller.vhd" into library work
Parsing entity <iodrp_controller>.
Parsing architecture <trans> of entity <iodrp_controller>.
Parsing VHDL file "/home/julian/stereovision/mcb_soft_calibration.vhd" into library work
Parsing entity <mcb_soft_calibration>.
Parsing architecture <trans> of entity <mcb_soft_calibration>.
Parsing VHDL file "/home/julian/stereovision/mcb_soft_calibration_top.vhd" into library work
Parsing entity <mcb_soft_calibration_top>.
Parsing architecture <trans> of entity <mcb_soft_calibration_top>.
Parsing VHDL file "/home/julian/stereovision/mcb_raw_wrapper.vhd" into library work
Parsing entity <mcb_raw_wrapper>.
Parsing architecture <aarch> of entity <mcb_raw_wrapper>.
Parsing VHDL file "/home/julian/stereovision/memc3_wrapper.vhd" into library work
Parsing entity <memc3_wrapper>.
Parsing architecture <acch> of entity <memc3_wrapper>.
Parsing VHDL file "/home/julian/stereovision/remote_sources/_/lib/digilent/Video.vhd" into library digilent
Parsing package <Video>.
Parsing VHDL file "/home/julian/stereovision/remote_sources/_/lib/digilent/TWICtl.vhd" into library digilent
Parsing package <TWIUtils>.
Parsing package body <TWIUtils>.
Parsing entity <TWICtl>.
Parsing architecture <Behavioral> of entity <twictl>.
Parsing VHDL file "/home/julian/stereovision/remote_sources/_/lib/digilent/TMDSEncoder.vhd" into library digilent
Parsing entity <TMDSEncoder>.
Parsing architecture <Behavioral> of entity <tmdsencoder>.
Parsing VHDL file "/home/julian/stereovision/remote_sources/_/lib/digilent/SerializerN_1.vhd" into library digilent
Parsing entity <SerializerN_1>.
Parsing architecture <Behavioral> of entity <serializern_1>.
Parsing VHDL file "/home/julian/stereovision/remote_sources/_/lib/digilent/LocalRst.vhd" into library digilent
Parsing entity <LocalRst>.
Parsing architecture <Behavioral> of entity <localrst>.
Parsing VHDL file "/home/julian/stereovision/remote_sources/_/lib/digilent/InputSync.vhd" into library digilent
Parsing entity <InputSync>.
Parsing architecture <Behavioral> of entity <inputsync>.
Parsing entity <InputSyncV>.
Parsing architecture <Behavioral> of entity <inputsyncv>.
Parsing VHDL file "/home/julian/stereovision/remote_sources/_/lib/digilent/VideoTimingCtl.vhd" into library digilent
Parsing entity <VideoTimingCtl>.
Parsing architecture <Behavioral> of entity <videotimingctl>.
Parsing VHDL file "/home/julian/stereovision/remote_sources/_/lib/digilent/DVITransmitter.vhd" into library digilent
Parsing entity <DVITransmitter>.
Parsing architecture <Behavioral> of entity <dvitransmitter>.
Parsing VHDL file "/home/julian/stereovision/comm_fpga_fx2.vhdl" into library work
Parsing entity <comm_fpga_fx2>.
Parsing architecture <behavioural> of entity <comm_fpga_fx2>.
Parsing VHDL file "/home/julian/stereovision/cam_pkg.vhd" into library work
Parsing package <cam_pkg>.
Parsing package body <cam_pkg>.
Parsing VHDL file "/home/julian/stereovision/pipe_head.vhd" into library work
Parsing entity <pipe_head>.
Parsing architecture <impl> of entity <pipe_head>.
Parsing VHDL file "/home/julian/stereovision/mcb_feed.vhd" into library work
Parsing entity <mcb_feed>.
Parsing architecture <impl> of entity <mcb_feed>.
Parsing VHDL file "/home/julian/stereovision/mcb_feed_dual.vhd" into library work
Parsing entity <mcb_feed_dual>.
Parsing architecture <impl> of entity <mcb_feed_dual>.
Parsing VHDL file "/home/julian/stereovision/mcb_sink.vhd" into library work
Parsing entity <mcb_sink>.
Parsing architecture <impl> of entity <mcb_sink>.
Parsing VHDL file "/home/julian/stereovision/fifo_sink.vhd" into library work
Parsing entity <fifo_sink>.
Parsing architecture <impl> of entity <fifo_sink>.
Parsing VHDL file "/home/julian/stereovision/null.vhd" into library work
Parsing entity <null_filter>.
Parsing architecture <impl> of entity <null_filter>.
Parsing VHDL file "/home/julian/stereovision/testpic.vhd" into library work
Parsing entity <testpic>.
Parsing architecture <impl> of entity <testpic>.
Parsing VHDL file "/home/julian/stereovision/color_mux.vhd" into library work
Parsing entity <color_mux>.
Parsing architecture <impl> of entity <color_mux>.
Parsing VHDL file "/home/julian/stereovision/skinfilter.vhd" into library work
Parsing entity <skinfilter>.
Parsing architecture <impl> of entity <skinfilter>.
Parsing VHDL file "/home/julian/stereovision/romdata.vhd" into library work
Parsing entity <romdata>.
Parsing architecture <rtl> of entity <romdata>.
Parsing VHDL file "/home/julian/stereovision/rom.vhd" into library work
Parsing entity <rom>.
Parsing architecture <rtl> of entity <rom>.
Parsing VHDL file "/home/julian/stereovision/bilinear.vhd" into library work
Parsing entity <bilinear>.
Parsing architecture <arch> of entity <bilinear>.
Parsing VHDL file "/home/julian/stereovision/bi.vhd" into library work
Parsing entity <bi>.
Parsing architecture <impl> of entity <bi>.
Parsing VHDL file "/home/julian/stereovision/bi2.vhd" into library work
Parsing entity <bi2>.
Parsing architecture <impl> of entity <bi2>.
Parsing VHDL file "/home/julian/stereovision/bi2_x.vhd" into library work
Parsing entity <bi2_x>.
Parsing architecture <impl> of entity <bi2_x>.
Parsing VHDL file "/home/julian/stereovision/bi2_y.vhd" into library work
Parsing entity <bi2_y>.
Parsing architecture <impl> of entity <bi2_y>.
Parsing VHDL file "/home/julian/stereovision/bi2_combine.vhd" into library work
Parsing entity <bi2_c>.
Parsing architecture <impl> of entity <bi2_c>.
Parsing VHDL file "/home/julian/stereovision/bi3.vhd" into library work
Parsing entity <bi3>.
Parsing architecture <impl> of entity <bi3>.
Parsing VHDL file "/home/julian/stereovision/bit_ram.vhd" into library work
Parsing entity <bit_ram>.
Parsing architecture <myarch> of entity <bit_ram>.
Parsing VHDL file "/home/julian/stereovision/translate.vhd" into library work
Parsing entity <translate>.
Parsing architecture <impl> of entity <translate>.
Parsing VHDL file "/home/julian/stereovision/inf_shiftreg.vhd" into library work
Parsing entity <shiftreg>.
Parsing architecture <myarch> of entity <shiftreg>.
Parsing VHDL file "/home/julian/stereovision/shiftreg.vhd" into library work
Parsing entity <shiftregister>.
Parsing architecture <rtl> of entity <shiftregister>.
Parsing VHDL file "/home/julian/stereovision/line_buffer_mono_new.vhd" into library work
Parsing entity <line_buffer_mono>.
Parsing architecture <impl> of entity <line_buffer_mono>.
Parsing VHDL file "/home/julian/stereovision/line_buffer_gray8_new.vhd" into library work
Parsing entity <line_buffer_gray8>.
Parsing architecture <impl> of entity <line_buffer_gray8>.
Parsing VHDL file "/home/julian/stereovision/line_buffer_rgb565_new.vhd" into library work
Parsing entity <line_buffer_rgb565>.
Parsing architecture <impl> of entity <line_buffer_rgb565>.
Parsing VHDL file "/home/julian/stereovision/win_buffer_mono.vhd" into library work
Parsing entity <window_mono>.
Parsing architecture <impl> of entity <window_mono>.
Parsing VHDL file "/home/julian/stereovision/win_buffer_gray8.vhd" into library work
Parsing entity <window_gray8>.
Parsing architecture <impl> of entity <window_gray8>.
Parsing VHDL file "/home/julian/stereovision/win_buffer_rgb565.vhd" into library work
Parsing entity <window_rgb565>.
Parsing architecture <impl> of entity <window_rgb565>.
Parsing VHDL file "/home/julian/stereovision/translate_win_mono.vhd" into library work
Parsing entity <translate_win_mono>.
Parsing architecture <impl> of entity <translate_win_mono>.
Parsing VHDL file "/home/julian/stereovision/translate_win_gray8.vhd" into library work
Parsing entity <translate_win_gray8>.
Parsing architecture <impl> of entity <translate_win_gray8>.
Parsing VHDL file "/home/julian/stereovision/translate_win_rgb565.vhd" into library work
Parsing entity <translate_win_rgb565>.
Parsing architecture <impl> of entity <translate_win_rgb565>.
Parsing VHDL file "/home/julian/stereovision/win_test_mono.vhd" into library work
Parsing entity <win_test_mono>.
Parsing architecture <impl> of entity <win_test_mono>.
Parsing VHDL file "/home/julian/stereovision/win_test_gray8.vhd" into library work
Parsing entity <win_test_gray8>.
Parsing architecture <impl> of entity <win_test_gray8>.
Parsing VHDL file "/home/julian/stereovision/win_test_rgb565.vhd" into library work
Parsing entity <win_test_rgb565>.
Parsing architecture <impl> of entity <win_test_rgb565>.
Parsing VHDL file "/home/julian/stereovision/window_mono.vhd" into library work
Parsing entity <win_mono>.
Parsing architecture <myrtl> of entity <win_mono>.
Parsing VHDL file "/home/julian/stereovision/window_gray8.vhd" into library work
Parsing entity <win_gray8>.
Parsing architecture <myrtl> of entity <win_gray8>.
Parsing VHDL file "/home/julian/stereovision/window_rgb565.vhd" into library work
Parsing entity <win_rgb565>.
Parsing architecture <myrtl> of entity <win_rgb565>.
Parsing VHDL file "/home/julian/stereovision/morph_kernel.vhd" into library work
Parsing entity <morph_kernel>.
Parsing architecture <impl> of entity <morph_kernel>.
Parsing VHDL file "/home/julian/stereovision/morph_new.vhd" into library work
Parsing entity <morph>.
Parsing architecture <myrtl> of entity <morph>.
Parsing VHDL file "/home/julian/stereovision/morph_set.vhd" into library work
Parsing entity <morph_set>.
Parsing architecture <myrtl> of entity <morph_set>.
Parsing VHDL file "/home/julian/stereovision/cfg_sync.vhd" into library work
Parsing entity <cfg_sync>.
Parsing architecture <myrtl> of entity <cfg_sync>.
Parsing VHDL file "/home/julian/stereovision/inspect_sync.vhd" into library work
Parsing entity <inspect_sync>.
Parsing architecture <myrtl> of entity <inspect_sync>.
Parsing VHDL file "/home/julian/stereovision/SysCon.vhd" into library work
Parsing entity <SysCon>.
Parsing architecture <Behavioral> of entity <syscon>.
Parsing VHDL file "/home/julian/stereovision/FBCtl.vhd" into library work
Parsing entity <FBCtl>.
Parsing architecture <Behavioral> of entity <fbctl>.
Parsing VHDL file "/home/julian/stereovision/ipcore_dir/i2cfifo.vhd" into library work
Parsing entity <i2cfifo>.
Parsing architecture <i2cfifo_a> of entity <i2cfifo>.
Parsing VHDL file "/home/julian/stereovision/i2c.vhd" into library work
Parsing entity <i2c>.
Parsing architecture <rtl> of entity <i2c>.
Parsing VHDL file "/home/julian/stereovision/CamCtl.vhd" into library work
Parsing entity <CamCtl>.
Parsing architecture <Behavioral> of entity <camctl>.
Parsing VHDL file "/home/julian/stereovision/top.vhd" into library work
Parsing entity <top>.
Parsing architecture <behavioral> of entity <top>.
WARNING:HDLCompiler:946 - "/home/julian/stereovision/top.vhd" Line 367: Actual for formal port red_i is neither a static name nor a globally static expression
WARNING:HDLCompiler:946 - "/home/julian/stereovision/top.vhd" Line 368: Actual for formal port green_i is neither a static name nor a globally static expression
WARNING:HDLCompiler:946 - "/home/julian/stereovision/top.vhd" Line 369: Actual for formal port blue_i is neither a static name nor a globally static expression
WARNING:HDLCompiler:946 - "/home/julian/stereovision/top.vhd" Line 432: Actual for formal port rst_i is neither a static name nor a globally static expression
WARNING:HDLCompiler:946 - "/home/julian/stereovision/top.vhd" Line 443: Actual for formal port rst_i is neither a static name nor a globally static expression
WARNING:HDLCompiler:946 - "/home/julian/stereovision/top.vhd" Line 596: Actual for formal port rst is neither a static name nor a globally static expression
ERROR:HDLCompiler:69 - "/home/julian/stereovision/top.vhd" Line 609: <i2c_sel_c> is not declared.
ERROR:HDLCompiler:69 - "/home/julian/stereovision/top.vhd" Line 613: <i2c_sel_c> is not declared.
ERROR:HDLCompiler:69 - "/home/julian/stereovision/top.vhd" Line 614: <i2c_sel_c> is not declared.
ERROR:HDLCompiler:854 - "/home/julian/stereovision/top.vhd" Line 133: Unit <behavioral> ignored due to previous errors.
VHDL file /home/julian/stereovision/top.vhd ignored due to errors
--> 


Total memory usage is 113136 kilobytes

Number of errors   :    4 (   0 filtered)
Number of warnings :    7 (   0 filtered)
Number of infos    :    0 (   0 filtered)

